
> fahud-oman@0.1.0 build
> next build

Γû▓ Next.js 16.2.2 (Turbopack)

  Creating an optimized production build ...
node.exe : 
At C:\Program 
Files\nodejs\npm.ps1:29 
char:3
+   & $NODE_EXE 
$NPM_CLI_JS $args
+   ~~~~~~~~~~~~~~~~~~~~~~
~~~~~~~
    + CategoryInfo        
      : NotSpecified: (:  
  String) [], RemoteExc   
 eption
    + FullyQualifiedError 
   Id : NativeCommandErr  
  or
 
> Build error occurred
Error: Turbopack build 
failed with 21 errors:
./src/app/index-3/page.js:
15:12
Expected '</', got '!'
  [90m13 |[0m         
<div className=[32m"page-
content"[0m>
  [90m14 |[0m           
<[33mInnerBanner[0m 
title=[32m"Page 
Title"[0m />
[31m[1m>[0m [90m15 
|[0m           
<![33mDOCTYPE[0m html>
  [90m   |[0m           
 [31m[1m^[0m
  [90m16 |[0m <html 
lang=[32m"en"[0m>
  [90m17 |[0m     <head>
  [90m18 |[0m         
<title>[33mDefault[0m 
page</title>

Parsing ecmascript source 
code failed


./src/app/index-4/page.js:
15:12
Expected '</', got '!'
  [90m13 |[0m         
<div className=[32m"page-
content"[0m>
  [90m14 |[0m           
<[33mInnerBanner[0m 
title=[32m"Page 
Title"[0m />
[31m[1m>[0m [90m15 
|[0m           
<![33mDOCTYPE[0m html>
  [90m   |[0m           
 [31m[1m^[0m
  [90m16 |[0m <html 
lang=[32m"en"[0m>
  [90m17 |[0m     <head>
  [90m18 |[0m         
<title>[33mDefault[0m 
page</title>

Parsing ecmascript source 
code failed


./src/app/blog-list/page.j
s:119:57
Expected '</', got 'jsx 
text'
  [90m117 |[0m ...      
                          
         <video muted 
loop autoplay className=[
32m"blog-mp...[0m
  [90m118 |[0m ...      
                          
             <source src=
[32m"images/video-1.mp4"[
0m [36mtype[0m=[32m"vi.
..[0m
[31m[1m>[0m [90m119 
|[0m ...                 
                        
</video>
  [90m    |[0m          
                          
                 [31m[1m
^^^^^^^^^^^^^^^^^^^^^^^^^^
^^^^^^^^^^^^^^[0m
[31m[1m>[0m [90m120 
|[0m ...                 
                    </a>
  [90m    |[0m    [31m
[1m^^^^^^^^^^^^^^^^^^^^^^^
^^^^^^^^^^^^^^^^^^^^^[0m
  [90m121 |[0m ...      
                          
     <div className=[32m"
post-date"[0m><span>[35m
17[0m<[35m/span> April 
...[0m
  [90m122 |[0m ...      
                          
 </div>
  [90m123 |[0m ...

Parsing ecmascript source 
code failed


./src/app/about-1/page.js:
519:9
Expected '>', got 'ident'
  [90m517 |[0m         
  [90m518 |[0m         
<[33mFooter[0m />
[31m[1m>[0m [90m519 
|[0m       </div>
  [90m    |[0m         
[31m[1m^^^[0m
  [90m520 |[0m     </>
  [90m521 |[0m   );
  [90m522 |[0m }

Parsing ecmascript source 
code failed


./src/app/about-2/page.js:
740:9
Expected '>', got 'ident'
  [90m738 |[0m         
  [90m739 |[0m         
<[33mFooter[0m />
[31m[1m>[0m [90m740 
|[0m       </div>
  [90m    |[0m         
[31m[1m^^^[0m
  [90m741 |[0m     </>
  [90m742 |[0m   );
  [90m743 |[0m }

Parsing ecmascript source 
code failed


./src/app/blog-grid/page.j
s:180:9
Expected '>', got 'ident'
  [90m178 |[0m         
  [90m179 |[0m         
<[33mFooter[0m />
[31m[1m>[0m [90m180 
|[0m       </div>
  [90m    |[0m         
[31m[1m^^^[0m
  [90m181 |[0m     </>
  [90m182 |[0m   );
  [90m183 |[0m }

Parsing ecmascript source 
code failed


./src/app/blog-masonry/pag
e.js:219:9
Expected '>', got 'ident'
  [90m217 |[0m         
  [90m218 |[0m         
<[33mFooter[0m />
[31m[1m>[0m [90m219 
|[0m       </div>
  [90m    |[0m         
[31m[1m^^^[0m
  [90m220 |[0m     </>
  [90m221 |[0m   );
  [90m222 |[0m }

Parsing ecmascript source 
code failed


./src/app/blog-single/page
.js:246:9
Expected '>', got 'ident'
  [90m244 |[0m         
  [90m245 |[0m         
<[33mFooter[0m />
[31m[1m>[0m [90m246 
|[0m       </div>
  [90m    |[0m         
[31m[1m^^^[0m
  [90m247 |[0m     </>
  [90m248 |[0m   );
  [90m249 |[0m }

Parsing ecmascript source 
code failed


./src/app/contact/page.js:
164:9
Expected '>', got 'ident'
  [90m162 |[0m         
  [90m163 |[0m         
<[33mFooter[0m />
[31m[1m>[0m [90m164 
|[0m       </div>
  [90m    |[0m         
[31m[1m^^^[0m
  [90m165 |[0m     </>
  [90m166 |[0m   );
  [90m167 |[0m }

Parsing ecmascript source 
code failed


./src/app/faq/page.js:414:
9
Expected '>', got 'ident'
  [90m412 |[0m         
  [90m413 |[0m         
<[33mFooter[0m />
[31m[1m>[0m [90m414 
|[0m       </div>
  [90m    |[0m         
[31m[1m^^^[0m
  [90m415 |[0m     </>
  [90m416 |[0m   );
  [90m417 |[0m }

Parsing ecmascript source 
code failed


./src/app/index-2/page.js:
1732:9
Expected '>', got 'ident'
  [90m1730 |[0m         
  [90m1731 |[0m         
<[33mFooter[0m />
[31m[1m>[0m [90m1732 
|[0m       </div>
  [90m     |[0m         
[31m[1m^^^[0m
  [90m1733 |[0m     </>
  [90m1734 |[0m   );
  [90m1735 |[0m }

Parsing ecmascript source 
code failed


./src/app/our-team-detail/
page.js:118:9
Expected '>', got 'ident'
  [90m116 |[0m         
  [90m117 |[0m         
<[33mFooter[0m />
[31m[1m>[0m [90m118 
|[0m       </div>
  [90m    |[0m         
[31m[1m^^^[0m
  [90m119 |[0m     </>
  [90m120 |[0m   );
  [90m121 |[0m }

Parsing ecmascript source 
code failed


./src/app/our-team/page.js
:463:9
Expected '>', got 'ident'
  [90m461 |[0m         
  [90m462 |[0m         
<[33mFooter[0m />
[31m[1m>[0m [90m463 
|[0m       </div>
  [90m    |[0m         
[31m[1m^^^[0m
  [90m464 |[0m     </>
  [90m465 |[0m   );
  [90m466 |[0m }

Parsing ecmascript source 
code failed


./src/app/pricing/page.js:
244:9
Expected '>', got 'ident'
  [90m242 |[0m         
  [90m243 |[0m         
<[33mFooter[0m />
[31m[1m>[0m [90m244 
|[0m       </div>
  [90m    |[0m         
[31m[1m^^^[0m
  [90m245 |[0m     </>
  [90m246 |[0m   );
  [90m247 |[0m }

Parsing ecmascript source 
code failed


./src/app/project-2/page.j
s:431:9
Expected '>', got 'ident'
  [90m429 |[0m         
  [90m430 |[0m         
<[33mFooter[0m />
[31m[1m>[0m [90m431 
|[0m       </div>
  [90m    |[0m         
[31m[1m^^^[0m
  [90m432 |[0m     </>
  [90m433 |[0m   );
  [90m434 |[0m }

Parsing ecmascript source 
code failed


./src/app/project-single/p
age.js:211:9
Expected '>', got 'ident'
  [90m209 |[0m         
  [90m210 |[0m         
<[33mFooter[0m />
[31m[1m>[0m [90m211 
|[0m       </div>
  [90m    |[0m         
[31m[1m^^^[0m
  [90m212 |[0m     </>
  [90m213 |[0m   );
  [90m214 |[0m }

Parsing ecmascript source 
code failed


./src/app/service-detail/p
age.js:113:9
Expected '>', got 'ident'
  [90m111 |[0m         
  [90m112 |[0m         
<[33mFooter[0m />
[31m[1m>[0m [90m113 
|[0m       </div>
  [90m    |[0m         
[31m[1m^^^[0m
  [90m114 |[0m     </>
  [90m115 |[0m   );
  [90m116 |[0m }

Parsing ecmascript source 
code failed


./src/app/services-2/page.
js:410:9
Expected '>', got 'ident'
  [90m408 |[0m         
  [90m409 |[0m         
<[33mFooter[0m />
[31m[1m>[0m [90m410 
|[0m       </div>
  [90m    |[0m         
[31m[1m^^^[0m
  [90m411 |[0m     </>
  [90m412 |[0m   );
  [90m413 |[0m }

Parsing ecmascript source 
code failed


./src/app/services/page.js
:323:9
Expected '>', got 'ident'
  [90m321 |[0m         
  [90m322 |[0m         
<[33mFooter[0m />
[31m[1m>[0m [90m323 
|[0m       </div>
  [90m    |[0m         
[31m[1m^^^[0m
  [90m324 |[0m     </>
  [90m325 |[0m   );
  [90m326 |[0m }

Parsing ecmascript source 
code failed


./src/app/shop-detail/page
.js:712:9
Expected '>', got 'ident'
  [90m710 |[0m         
  [90m711 |[0m         
<[33mFooter[0m />
[31m[1m>[0m [90m712 
|[0m       </div>
  [90m    |[0m         
[31m[1m^^^[0m
  [90m713 |[0m     </>
  [90m714 |[0m   );
  [90m715 |[0m }

Parsing ecmascript source 
code failed


./src/app/shop/page.js:488
:9
Expected '>', got 'ident'
  [90m486 |[0m         
  [90m487 |[0m         
<[33mFooter[0m />
[31m[1m>[0m [90m488 
|[0m       </div>
  [90m    |[0m         
[31m[1m^^^[0m
  [90m489 |[0m     </>
  [90m490 |[0m   );
  [90m491 |[0m }

Parsing ecmascript source 
code failed


    at <unknown> (./src/ap
p/index-3/page.js:15:12)
    at <unknown> (./src/ap
p/index-4/page.js:15:12)
    at <unknown> (./src/ap
p/blog-list/page.js:119:57
)
    at <unknown> (./src/ap
p/about-1/page.js:519:9)
    at <unknown> (./src/ap
p/about-2/page.js:740:9)
    at <unknown> (./src/ap
p/blog-grid/page.js:180:9)
    at <unknown> (./src/ap
p/blog-masonry/page.js:219
:9)
    at <unknown> (./src/ap
p/blog-single/page.js:246:
9)
    at <unknown> (./src/ap
p/contact/page.js:164:9)
    at <unknown> (./src/ap
p/faq/page.js:414:9)
    at <unknown> (./src/ap
p/index-2/page.js:1732:9)
    at <unknown> (./src/ap
p/our-team-detail/page.js:
118:9)
    at <unknown> (./src/ap
p/our-team/page.js:463:9)
    at <unknown> (./src/ap
p/pricing/page.js:244:9)
    at <unknown> (./src/ap
p/project-2/page.js:431:9)
    at <unknown> (./src/ap
p/project-single/page.js:2
11:9)
    at <unknown> (./src/ap
p/service-detail/page.js:1
13:9)
    at <unknown> (./src/ap
p/services-2/page.js:410:9
)
    at <unknown> (./src/ap
p/services/page.js:323:9)
    at <unknown> (./src/ap
p/shop-detail/page.js:712:
9)
    at <unknown> (./src/ap
p/shop/page.js:488:9)
